// Jest Snapshot v1, https://goo.gl/fbAQLP

exports[`<HomePage /> should render and match the snapshot 1`] = `
<h1>
  I am da home payge
</h1>
`;
